exports[`Bemlinter of multiple files should lint with crossed error 1`] = `
Object {
  "component": Object {
    "error": Array [
      Object {
        "filePath": "./__tests__/multiple-files/component.scss",
        "line": 8,
        "message": "\".c-other-component\" is incoherent with the file name.",
      },
    ],
    "info": Array [
      Object {
        "filePath": "./__tests__/multiple-files/component.scss",
        "line": null,
        "message": "Parsed",
      },
    ],
  },
  "other-component": Object {
    "error": Array [
      Object {
        "filePath": "./__tests__/multiple-files/component.scss",
        "line": 8,
        "message": "\".c-other-component\" should not be styled outside of its own stylesheet.",
      },
    ],
    "info": Array [
      Object {
        "filePath": "./__tests__/multiple-files/other-component.scss",
        "line": null,
        "message": "Parsed",
      },
    ],
  },
}
`;

exports[`Bemlinter of multiple files should lint with crossed error 2`] = `
Object {
  "component": Object {
    "error": Array [
      Object {
        "filePath": "./__tests__/multiple-files/component.scss",
        "line": 8,
        "message": "\".c-other-component\" is incoherent with the file name.",
      },
    ],
    "info": Array [
      Object {
        "filePath": "./__tests__/multiple-files/component.scss",
        "line": null,
        "message": "Parsed",
      },
    ],
  },
  "other-component": Object {
    "error": Array [
      Object {
        "filePath": "./__tests__/multiple-files/component.scss",
        "line": 8,
        "message": "\".c-other-component\" should not be styled outside of its own stylesheet.",
      },
    ],
    "info": Array [
      Object {
        "filePath": "./__tests__/multiple-files/other-component.scss",
        "line": null,
        "message": "Parsed",
      },
    ],
  },
}
`;
